*** Using Compiler 'V5.06 update 7 (build 960)', folder: 'C:\Keil_v5\ARM\ARMCC\Bin'
Build target 'WaterTest2'
assembling startup_stm32g431xx.s...
compiling gpio.c...
Error: C4056E: bad option '-Oz'
compiling main.c...
Error: C4056E: bad option '-Oz'
compiling i2c.c...
Error: C4056E: bad option '-Oz'
compiling adc.c...
Error: C4056E: bad option '-Oz'
compiling tim.c...
Error: C4056E: bad option '-Oz'
compiling usart.c...
Error: C4056E: bad option '-Oz'
compiling stm32g4xx_it.c...
Error: C4056E: bad option '-Oz'
compiling stm32g4xx_hal_msp.c...
Error: C4056E: bad option '-Oz'
compiling stm32g4xx_hal.c...
Error: C4056E: bad option '-Oz'
compiling stm32g4xx_hal_adc_ex.c...
Error: C4056E: bad option '-Oz'
compiling stm32g4xx_hal_adc.c...
Error: C4056E: bad option '-Oz'
compiling stm32g4xx_ll_adc.c...
Error: C4056E: bad option '-Oz'
compiling stm32g4xx_hal_rcc.c...
Error: C4056E: bad option '-Oz'
compiling stm32g4xx_hal_rcc_ex.c...
Error: C4056E: bad option '-Oz'
compiling stm32g4xx_hal_flash.c...
Error: C4056E: bad option '-Oz'
compiling stm32g4xx_hal_flash_ex.c...
Error: C4056E: bad option '-Oz'
compiling stm32g4xx_hal_flash_ramfunc.c...
Error: C4056E: bad option '-Oz'
compiling stm32g4xx_hal_gpio.c...
Error: C4056E: bad option '-Oz'
compiling stm32g4xx_hal_exti.c...
Error: C4056E: bad option '-Oz'
compiling stm32g4xx_hal_dma.c...
Error: C4056E: bad option '-Oz'
compiling stm32g4xx_hal_dma_ex.c...
Error: C4056E: bad option '-Oz'
compiling stm32g4xx_hal_pwr.c...
Error: C4056E: bad option '-Oz'
compiling stm32g4xx_hal_pwr_ex.c...
Error: C4056E: bad option '-Oz'
compiling stm32g4xx_hal_cortex.c...
Error: C4056E: bad option '-Oz'
compiling stm32g4xx_hal_i2c_ex.c...
Error: C4056E: bad option '-Oz'
compiling stm32g4xx_hal_i2c.c...
Error: C4056E: bad option '-Oz'
compiling stm32g4xx_hal_tim.c...
Error: C4056E: bad option '-Oz'
compiling stm32g4xx_hal_tim_ex.c...
Error: C4056E: bad option '-Oz'
compiling stm32g4xx_hal_uart.c...
Error: C4056E: bad option '-Oz'
compiling stm32g4xx_hal_uart_ex.c...
Error: C4056E: bad option '-Oz'
compiling system_stm32g4xx.c...
Error: C4056E: bad option '-Oz'
"WaterTest2\WaterTest2.axf" - 31 Error(s), 0 Warning(s).
Target not created.
Build Time Elapsed:  00:00:02
